
*** Running vivado
    with args -log basys3_ai_demo.vds -m64 -product Vivado -mode batch -messageDb vivado.pb -notrace -source basys3_ai_demo.tcl


INFO: [Common 17-3922] A valid Vivado Design Suite BASIC license has been detected. Your current license is active and will expire on 07-aug-2027.
#-----------------------------------------------------------
# Vivado v2026.1 (64-bit)
# SW Build 6511674 on Tue Jun 16 11:02:23 MDT 2026
# IP Build 6504888 on Tue Jun 09 09:05:25 MDT 2026
# SharedData Build 6501428 on Mon Jun 08 17:34:18 MDT 2026
# Start of session at: Sat Aug 22 16:30:43 2026
# Process ID         : 17704
# Current directory  : C:/Users/Unnathi/riscv_ai_accelerator/riscv_ai_accelerator.runs/synth_1
# Command line       : vivado.exe -log basys3_ai_demo.vds -product Vivado -mode batch -messageDb vivado.pb -notrace -source basys3_ai_demo.tcl
# Log file           : C:/Users/Unnathi/riscv_ai_accelerator/riscv_ai_accelerator.runs/synth_1/basys3_ai_demo.vds
# Journal file       : C:/Users/Unnathi/riscv_ai_accelerator/riscv_ai_accelerator.runs/synth_1\vivado.jou
# Running On         : Unnathi
# Platform           : Windows 11
# Operating System   : 26200
# Processor Detail   : AMD Ryzen 5 7535HS with Radeon Graphics        
# CPU Frequency      : 3294 MHz
# CPU Physical cores : 6
# CPU Logical cores  : 12
# Host memory        : 16312 MB
# Swap memory        : 6174 MB
# Total Virtual      : 22486 MB
# Available Virtual  : 4513 MB
#-----------------------------------------------------------

****** Vivado v2026.1 (64-bit)
  **** SW Build 6511674 on Tue Jun 16 11:02:23 MDT 2026
  **** IP Build 6504888 on Tue Jun 09 09:05:25 MDT 2026
  **** SharedData Build 6501428 on Mon Jun 08 17:34:18 MDT 2026
  **** Start of session at: Sat Aug 22 16:30:43 2026
    ** Copyright 1986-2022 Xilinx, Inc. All Rights Reserved.
    ** Copyright 2022-2026 Advanced Micro Devices, Inc. All Rights Reserved.

source basys3_ai_demo.tcl -notrace
create_project: Time (s): cpu = 00:00:17 ; elapsed = 00:00:12 . Memory (MB): peak = 703.883 ; gain = 266.637
Command: synth_design -top basys3_ai_demo -part xc7a35tcpg236-1
Starting synth_design
Attempting to get a license for feature 'Vivado_Synthesis' and/or device 'xc7a35t'
INFO: [Common 17-349] Got license for feature 'Vivado_Synthesis' and/or device 'xc7a35t'
INFO: [Device 21-403] Loading part xc7a35tcpg236-1
INFO: [Designutils 20-5008] Incremental synthesis strategy default
INFO: [Synth 8-7079] Multithreading enabled for synth_design using a maximum of 2 processes.
INFO: [Synth 8-7078] Launching helper process for spawning children vivado processes
INFO: [Synth 8-7075] Helper process launched with PID 21320
---------------------------------------------------------------------------------
Starting RTL Elaboration : Time (s): cpu = 00:00:10 ; elapsed = 00:00:10 . Memory (MB): peak = 1464.973 ; gain = 578.125
---------------------------------------------------------------------------------
INFO: [Synth 8-6157] synthesizing module 'basys3_ai_demo' [C:/Users/Unnathi/riscv_ai_accelerator/riscv_ai_accelerator.srcs/sources_1/new/basys3_ai_demo.v:6]
INFO: [Synth 8-6157] synthesizing module 'riscv_ai_soc_basys3' [C:/Users/Unnathi/riscv_ai_accelerator/riscv_ai_accelerator.srcs/sources_1/new/riscv_ai_soc_basys3.v:5]
INFO: [Synth 8-6157] synthesizing module 'riscv_pipeline' [C:/Users/Unnathi/riscv_ai_accelerator/riscv_ai_accelerator.srcs/sources_1/new/riscv_pipeline.v:5]
INFO: [Synth 8-6157] synthesizing module 'riscv_decoder' [C:/Users/Unnathi/riscv_ai_accelerator/riscv_ai_accelerator.srcs/sources_1/new/riscv_decoder.v:3]
INFO: [Synth 8-6155] done synthesizing module 'riscv_decoder' (0#1) [C:/Users/Unnathi/riscv_ai_accelerator/riscv_ai_accelerator.srcs/sources_1/new/riscv_decoder.v:3]
INFO: [Synth 8-6157] synthesizing module 'riscv_regfile' [C:/Users/Unnathi/riscv_ai_accelerator/riscv_ai_accelerator.srcs/sources_1/new/riscv_regfile.v:3]
INFO: [Synth 8-6155] done synthesizing module 'riscv_regfile' (0#1) [C:/Users/Unnathi/riscv_ai_accelerator/riscv_ai_accelerator.srcs/sources_1/new/riscv_regfile.v:3]
INFO: [Synth 8-6157] synthesizing module 'riscv_hazard' [C:/Users/Unnathi/riscv_ai_accelerator/riscv_ai_accelerator.srcs/sources_1/new/riscv_hazard.v:3]
INFO: [Synth 8-6155] done synthesizing module 'riscv_hazard' (0#1) [C:/Users/Unnathi/riscv_ai_accelerator/riscv_ai_accelerator.srcs/sources_1/new/riscv_hazard.v:3]
INFO: [Synth 8-6157] synthesizing module 'riscv_forwarding' [C:/Users/Unnathi/riscv_ai_accelerator/riscv_ai_accelerator.srcs/sources_1/new/riscv_forwarding.v:3]
INFO: [Synth 8-6155] done synthesizing module 'riscv_forwarding' (0#1) [C:/Users/Unnathi/riscv_ai_accelerator/riscv_ai_accelerator.srcs/sources_1/new/riscv_forwarding.v:3]
INFO: [Synth 8-6157] synthesizing module 'riscv_alu' [C:/Users/Unnathi/riscv_ai_accelerator/riscv_ai_accelerator.srcs/sources_1/new/riscv_alu.v:3]
INFO: [Synth 8-6155] done synthesizing module 'riscv_alu' (0#1) [C:/Users/Unnathi/riscv_ai_accelerator/riscv_ai_accelerator.srcs/sources_1/new/riscv_alu.v:3]
INFO: [Synth 8-6157] synthesizing module 'ai_dot4' [C:/Users/Unnathi/riscv_ai_accelerator/riscv_ai_accelerator.srcs/sources_1/new/ai_dot4.v:3]
INFO: [Synth 8-6155] done synthesizing module 'ai_dot4' (0#1) [C:/Users/Unnathi/riscv_ai_accelerator/riscv_ai_accelerator.srcs/sources_1/new/ai_dot4.v:3]
INFO: [Synth 8-6157] synthesizing module 'riscv_branch_unit' [C:/Users/Unnathi/riscv_ai_accelerator/riscv_ai_accelerator.srcs/sources_1/new/riscv_branch_unit.v:3]
INFO: [Synth 8-6155] done synthesizing module 'riscv_branch_unit' (0#1) [C:/Users/Unnathi/riscv_ai_accelerator/riscv_ai_accelerator.srcs/sources_1/new/riscv_branch_unit.v:3]
INFO: [Synth 8-6155] done synthesizing module 'riscv_pipeline' (0#1) [C:/Users/Unnathi/riscv_ai_accelerator/riscv_ai_accelerator.srcs/sources_1/new/riscv_pipeline.v:5]
INFO: [Synth 8-6157] synthesizing module 'ai_accel_bus' [C:/Users/Unnathi/riscv_ai_accelerator/riscv_ai_accelerator.srcs/sources_1/new/ai_accelerator_bus.v:3]
INFO: [Synth 8-6157] synthesizing module 'ai_accelerator_top' [C:/Users/Unnathi/riscv_ai_accelerator/riscv_ai_accelerator.srcs/sources_1/new/ai_accelerator_top.v:3]
INFO: [Synth 8-6157] synthesizing module 'ai_compute_engine' [C:/Users/Unnathi/riscv_ai_accelerator/riscv_ai_accelerator.srcs/sources_1/new/ai_compute_engine.v:3]
INFO: [Synth 8-6157] synthesizing module 'ai_stream_controller' [C:/Users/Unnathi/riscv_ai_accelerator/riscv_ai_accelerator.srcs/sources_1/new/ai_stream_controller.v:3]
INFO: [Synth 8-226] default block is never used [C:/Users/Unnathi/riscv_ai_accelerator/riscv_ai_accelerator.srcs/sources_1/new/ai_stream_controller.v:132]
INFO: [Synth 8-226] default block is never used [C:/Users/Unnathi/riscv_ai_accelerator/riscv_ai_accelerator.srcs/sources_1/new/ai_stream_controller.v:266]
INFO: [Synth 8-6155] done synthesizing module 'ai_stream_controller' (0#1) [C:/Users/Unnathi/riscv_ai_accelerator/riscv_ai_accelerator.srcs/sources_1/new/ai_stream_controller.v:3]
INFO: [Synth 8-6157] synthesizing module 'ai_systolic_4x4' [C:/Users/Unnathi/riscv_ai_accelerator/riscv_ai_accelerator.srcs/sources_1/new/ai_systolic_4x4.v:3]
INFO: [Synth 8-6157] synthesizing module 'ai_pe' [C:/Users/Unnathi/riscv_ai_accelerator/riscv_ai_accelerator.srcs/sources_1/new/ai_pe.v:3]
INFO: [Synth 8-6155] done synthesizing module 'ai_pe' (0#1) [C:/Users/Unnathi/riscv_ai_accelerator/riscv_ai_accelerator.srcs/sources_1/new/ai_pe.v:3]
INFO: [Synth 8-6155] done synthesizing module 'ai_systolic_4x4' (0#1) [C:/Users/Unnathi/riscv_ai_accelerator/riscv_ai_accelerator.srcs/sources_1/new/ai_systolic_4x4.v:3]
INFO: [Synth 8-6155] done synthesizing module 'ai_compute_engine' (0#1) [C:/Users/Unnathi/riscv_ai_accelerator/riscv_ai_accelerator.srcs/sources_1/new/ai_compute_engine.v:3]
INFO: [Synth 8-6155] done synthesizing module 'ai_accelerator_top' (0#1) [C:/Users/Unnathi/riscv_ai_accelerator/riscv_ai_accelerator.srcs/sources_1/new/ai_accelerator_top.v:3]
INFO: [Synth 8-6155] done synthesizing module 'ai_accel_bus' (0#1) [C:/Users/Unnathi/riscv_ai_accelerator/riscv_ai_accelerator.srcs/sources_1/new/ai_accelerator_bus.v:3]
INFO: [Synth 8-6085] Hierarchical reference on 'regs' stops possible memory inference [C:/Users/Unnathi/riscv_ai_accelerator/riscv_ai_accelerator.srcs/sources_1/new/riscv_regfile.v:18]
INFO: [Synth 8-6155] done synthesizing module 'riscv_ai_soc_basys3' (0#1) [C:/Users/Unnathi/riscv_ai_accelerator/riscv_ai_accelerator.srcs/sources_1/new/riscv_ai_soc_basys3.v:5]
INFO: [Synth 8-6155] done synthesizing module 'basys3_ai_demo' (0#1) [C:/Users/Unnathi/riscv_ai_accelerator/riscv_ai_accelerator.srcs/sources_1/new/basys3_ai_demo.v:6]
WARNING: [Synth 8-6014] Unused sequential element product_reg was removed.  [C:/Users/Unnathi/riscv_ai_accelerator/riscv_ai_accelerator.srcs/sources_1/new/ai_pe.v:49]
---------------------------------------------------------------------------------
Finished RTL Elaboration : Time (s): cpu = 00:00:14 ; elapsed = 00:00:15 . Memory (MB): peak = 1628.797 ; gain = 741.949
---------------------------------------------------------------------------------
---------------------------------------------------------------------------------
Start Handling Custom Attributes
---------------------------------------------------------------------------------
---------------------------------------------------------------------------------
Finished Handling Custom Attributes : Time (s): cpu = 00:00:14 ; elapsed = 00:00:15 . Memory (MB): peak = 1628.797 ; gain = 741.949
---------------------------------------------------------------------------------
---------------------------------------------------------------------------------
Finished RTL Optimization Phase 1 : Time (s): cpu = 00:00:14 ; elapsed = 00:00:15 . Memory (MB): peak = 1628.797 ; gain = 741.949
---------------------------------------------------------------------------------
Netlist sorting complete. Time (s): cpu = 00:00:00 ; elapsed = 00:00:00.166 . Memory (MB): peak = 1628.797 ; gain = 0.000
INFO: [Project 1-570] Preparing netlist for logic optimization

Processing XDC Constraints
Initializing timing engine
Parsing XDC File [C:/Users/Unnathi/riscv_ai_accelerator/riscv_ai_accelerator.srcs/constrs_1/new/basys3_ai_demo.xdc]
Finished Parsing XDC File [C:/Users/Unnathi/riscv_ai_accelerator/riscv_ai_accelerator.srcs/constrs_1/new/basys3_ai_demo.xdc]
INFO: [Project 1-236] Implementation specific constraints were found while reading constraint file [C:/Users/Unnathi/riscv_ai_accelerator/riscv_ai_accelerator.srcs/constrs_1/new/basys3_ai_demo.xdc]. These constraints will be ignored for synthesis but will be used in implementation. Impacted constraints are listed in the file [.Xil/basys3_ai_demo_propImpl.xdc].
Resolution: To avoid this warning, move constraints listed in [.Xil/basys3_ai_demo_propImpl.xdc] to another XDC file and exclude this new file from synthesis with the used_in_synthesis property (File Properties dialog in GUI) and re-run elaboration/synthesis.
Completed Processing XDC Constraints

Netlist sorting complete. Time (s): cpu = 00:00:00 ; elapsed = 00:00:00.010 . Memory (MB): peak = 1666.547 ; gain = 0.000
INFO: [Project 1-111] Unisim Transformation Summary:
No Unisim elements were transformed.

Constraint Validation Runtime : Time (s): cpu = 00:00:01 ; elapsed = 00:00:00.186 . Memory (MB): peak = 1670.434 ; gain = 0.000
---------------------------------------------------------------------------------
Finished Constraint Validation : Time (s): cpu = 00:00:31 ; elapsed = 00:00:33 . Memory (MB): peak = 1670.434 ; gain = 783.586
---------------------------------------------------------------------------------
---------------------------------------------------------------------------------
Start Loading Part and Timing Information
---------------------------------------------------------------------------------
Loading part: xc7a35tcpg236-1
---------------------------------------------------------------------------------
Finished Loading Part and Timing Information : Time (s): cpu = 00:00:31 ; elapsed = 00:00:33 . Memory (MB): peak = 1670.434 ; gain = 783.586
---------------------------------------------------------------------------------
---------------------------------------------------------------------------------
Start Applying 'set_property' XDC Constraints
---------------------------------------------------------------------------------
---------------------------------------------------------------------------------
Finished applying 'set_property' XDC Constraints : Time (s): cpu = 00:00:31 ; elapsed = 00:00:33 . Memory (MB): peak = 1670.434 ; gain = 783.586
---------------------------------------------------------------------------------
INFO: [Synth 8-802] inferred FSM for state register 'state_reg' in module 'ai_stream_controller'
---------------------------------------------------------------------------------------------------
                   State |                     New Encoding |                Previous Encoding 
---------------------------------------------------------------------------------------------------
              STATE_IDLE |                               00 |                               00
            STATE_STREAM |                               01 |                               01
             STATE_FLUSH |                               10 |                               10
              STATE_DONE |                               11 |                               11
---------------------------------------------------------------------------------------------------
INFO: [Synth 8-3354] encoded FSM with state register 'state_reg' using encoding 'sequential' in module 'ai_stream_controller'
---------------------------------------------------------------------------------
Finished RTL Optimization Phase 2 : Time (s): cpu = 00:00:34 ; elapsed = 00:00:37 . Memory (MB): peak = 1670.434 ; gain = 783.586
---------------------------------------------------------------------------------
---------------------------------------------------------------------------------
Start RTL Component Statistics 
---------------------------------------------------------------------------------
Detailed RTL Component Info : 
+---Adders : 
	   2 Input   32 Bit       Adders := 4     
	   3 Input   32 Bit       Adders := 1     
	   2 Input    4 Bit       Adders := 1     
+---XORs : 
	   2 Input     32 Bit         XORs := 1     
+---Registers : 
	               32 Bit    Registers := 330   
	                8 Bit    Registers := 32    
	                5 Bit    Registers := 5     
	                4 Bit    Registers := 2     
	                1 Bit    Registers := 18    
+---Muxes : 
	   2 Input   32 Bit        Muxes := 19    
	   3 Input   32 Bit        Muxes := 2     
	   2 Input   28 Bit        Muxes := 1     
	   2 Input    8 Bit        Muxes := 8     
	   4 Input    8 Bit        Muxes := 8     
	   2 Input    5 Bit        Muxes := 1     
	   2 Input    4 Bit        Muxes := 3     
	   4 Input    4 Bit        Muxes := 1     
	   2 Input    3 Bit        Muxes := 1     
	   5 Input    3 Bit        Muxes := 1     
	   2 Input    2 Bit        Muxes := 2     
	   4 Input    2 Bit        Muxes := 1     
	   2 Input    1 Bit        Muxes := 17    
	   5 Input    1 Bit        Muxes := 1     
	   4 Input    1 Bit        Muxes := 4     
	   9 Input    1 Bit        Muxes := 8     
---------------------------------------------------------------------------------
Finished RTL Component Statistics 
---------------------------------------------------------------------------------
---------------------------------------------------------------------------------
Start Part Resource Summary
---------------------------------------------------------------------------------
Part Resources:
DSPs: 90 (col length:60)
BRAMs: 100 (col length: RAMB18 60 RAMB36 30)
---------------------------------------------------------------------------------
Finished Part Resource Summary
---------------------------------------------------------------------------------
---------------------------------------------------------------------------------
Start Cross Boundary and Area Optimization
---------------------------------------------------------------------------------
---------------------------------------------------------------------------------
Finished Cross Boundary and Area Optimization : Time (s): cpu = 00:01:23 ; elapsed = 00:01:29 . Memory (MB): peak = 1862.121 ; gain = 975.273
---------------------------------------------------------------------------------
---------------------------------------------------------------------------------
Start Applying XDC Timing Constraints
---------------------------------------------------------------------------------
---------------------------------------------------------------------------------
Finished Applying XDC Timing Constraints : Time (s): cpu = 00:01:31 ; elapsed = 00:01:38 . Memory (MB): peak = 1881.500 ; gain = 994.652
---------------------------------------------------------------------------------
---------------------------------------------------------------------------------
Start Timing Optimization
---------------------------------------------------------------------------------
---------------------------------------------------------------------------------
Finished Timing Optimization : Time (s): cpu = 00:01:49 ; elapsed = 00:01:57 . Memory (MB): peak = 2005.852 ; gain = 1119.004
---------------------------------------------------------------------------------
---------------------------------------------------------------------------------
Start Technology Mapping
---------------------------------------------------------------------------------
---------------------------------------------------------------------------------
Finished Technology Mapping : Time (s): cpu = 00:01:57 ; elapsed = 00:02:06 . Memory (MB): peak = 2055.188 ; gain = 1168.340
---------------------------------------------------------------------------------
---------------------------------------------------------------------------------
Start IO Insertion
---------------------------------------------------------------------------------
---------------------------------------------------------------------------------
Start Flattening Before IO Insertion
---------------------------------------------------------------------------------
---------------------------------------------------------------------------------
Finished Flattening Before IO Insertion
---------------------------------------------------------------------------------
---------------------------------------------------------------------------------
Start Final Netlist Cleanup
---------------------------------------------------------------------------------
---------------------------------------------------------------------------------
Finished Final Netlist Cleanup
---------------------------------------------------------------------------------
---------------------------------------------------------------------------------
Finished IO Insertion : Time (s): cpu = 00:02:06 ; elapsed = 00:02:15 . Memory (MB): peak = 2207.734 ; gain = 1320.887
---------------------------------------------------------------------------------
---------------------------------------------------------------------------------
Start Renaming Generated Instances
---------------------------------------------------------------------------------
---------------------------------------------------------------------------------
Finished Renaming Generated Instances : Time (s): cpu = 00:02:06 ; elapsed = 00:02:15 . Memory (MB): peak = 2207.734 ; gain = 1320.887
---------------------------------------------------------------------------------
---------------------------------------------------------------------------------
Start Rebuilding User Hierarchy
---------------------------------------------------------------------------------
---------------------------------------------------------------------------------
Finished Rebuilding User Hierarchy : Time (s): cpu = 00:02:09 ; elapsed = 00:02:18 . Memory (MB): peak = 2207.734 ; gain = 1320.887
---------------------------------------------------------------------------------
---------------------------------------------------------------------------------
Start Renaming Generated Ports
---------------------------------------------------------------------------------
---------------------------------------------------------------------------------
Finished Renaming Generated Ports : Time (s): cpu = 00:02:09 ; elapsed = 00:02:18 . Memory (MB): peak = 2207.734 ; gain = 1320.887
---------------------------------------------------------------------------------
---------------------------------------------------------------------------------
Start Handling Custom Attributes
---------------------------------------------------------------------------------
---------------------------------------------------------------------------------
Finished Handling Custom Attributes : Time (s): cpu = 00:02:10 ; elapsed = 00:02:19 . Memory (MB): peak = 2207.734 ; gain = 1320.887
---------------------------------------------------------------------------------
---------------------------------------------------------------------------------
Start Renaming Generated Nets
---------------------------------------------------------------------------------
---------------------------------------------------------------------------------
Finished Renaming Generated Nets : Time (s): cpu = 00:02:10 ; elapsed = 00:02:19 . Memory (MB): peak = 2207.734 ; gain = 1320.887
---------------------------------------------------------------------------------
---------------------------------------------------------------------------------
Start Writing Synthesis Report
---------------------------------------------------------------------------------

Report BlackBoxes: 
+-+--------------+----------+
| |BlackBox name |Instances |
+-+--------------+----------+
+-+--------------+----------+

Report Cell Usage: 
+------+-------+------+
|      |Cell   |Count |
+------+-------+------+
|1     |BUFG   |     1|
|2     |CARRY4 |   340|
|3     |LUT1   |     1|
|4     |LUT2   |  1072|
|5     |LUT3   |   280|
|6     |LUT4   |   445|
|7     |LUT5   |   258|
|8     |LUT6   |  4559|
|9     |MUXF7  |  1216|
|10    |MUXF8  |   543|
|11    |FDCE   | 10872|
|12    |FDPE   |    46|
|13    |IBUF   |     2|
|14    |OBUF   |     4|
+------+-------+------+
---------------------------------------------------------------------------------
Finished Writing Synthesis Report : Time (s): cpu = 00:02:10 ; elapsed = 00:02:19 . Memory (MB): peak = 2207.734 ; gain = 1320.887
---------------------------------------------------------------------------------
Synthesis finished with 0 errors, 0 critical warnings and 0 warnings.
Synthesis Optimization Runtime : Time (s): cpu = 00:01:50 ; elapsed = 00:02:13 . Memory (MB): peak = 2207.734 ; gain = 1279.250
Synthesis Optimization Complete : Time (s): cpu = 00:02:10 ; elapsed = 00:02:19 . Memory (MB): peak = 2218.426 ; gain = 1320.887
INFO: [Project 1-571] Translating synthesized netlist
Netlist sorting complete. Time (s): cpu = 00:00:00 ; elapsed = 00:00:00.270 . Memory (MB): peak = 2230.500 ; gain = 0.000
INFO: [Netlist 29-17] Analyzing 2099 Unisim elements for replacement
INFO: [Netlist 29-28] Unisim Transformation completed in 0 CPU seconds
INFO: [Project 1-570] Preparing netlist for logic optimization
INFO: [Opt 31-138] Pushed 0 inverter(s) to 0 load pin(s).
Netlist sorting complete. Time (s): cpu = 00:00:00 ; elapsed = 00:00:00.010 . Memory (MB): peak = 2235.117 ; gain = 0.000
INFO: [Project 1-111] Unisim Transformation Summary:
No Unisim elements were transformed.

Synth Design complete | Checksum: 4310962e
INFO: [Common 17-83] Releasing license: Vivado_Synthesis
53 Infos, 1 Warnings, 0 Critical Warnings and 0 Errors encountered.
synth_design completed successfully
synth_design: Time (s): cpu = 00:02:22 ; elapsed = 00:02:35 . Memory (MB): peak = 2235.176 ; gain = 1531.293
Write ShapeDB Complete: Time (s): cpu = 00:00:00 ; elapsed = 00:00:00.045 . Memory (MB): peak = 2235.176 ; gain = 0.000
INFO: [Common 17-1381] The checkpoint 'C:/Users/Unnathi/riscv_ai_accelerator/riscv_ai_accelerator.runs/synth_1/basys3_ai_demo.dcp' has been generated.
INFO: [Vivado 12-24828] Executing command : report_utilization -file basys3_ai_demo_utilization_synth.rpt -pb basys3_ai_demo_utilization_synth.pb
INFO: [Common 17-206] Exiting Vivado at Sat Aug 22 16:33:42 2026...
