Copyright 1986-2022 Xilinx, Inc. All Rights Reserved. Copyright 2022-2026 Advanced Micro Devices, Inc. All Rights Reserved.
---------------------------------------------------------------------------------------------------------------------------------------------------------------------------
| Tool Version : Vivado v.2026.1 (win64) Build 6511674 Tue Jun 16 11:02:23 MDT 2026
| Date         : Sat Aug 22 16:38:52 2026
| Host         : Unnathi running 64-bit major release  (build 9200)
| Command      : report_bus_skew -warn_on_violation -file basys3_ai_demo_bus_skew_routed.rpt -pb basys3_ai_demo_bus_skew_routed.pb -rpx basys3_ai_demo_bus_skew_routed.rpx
| Design       : basys3_ai_demo
| Device       : 7a35t-cpg236
| Speed File   : -1  PRODUCTION 1.23 2018-06-13
| Design State : Routed
---------------------------------------------------------------------------------------------------------------------------------------------------------------------------

Bus Skew Report

No bus skew constraints

