Copyright 1986-2022 Xilinx, Inc. All Rights Reserved. Copyright 2022-2026 Advanced Micro Devices, Inc. All Rights Reserved.
---------------------------------------------------------------------------------------------------------------------------------------------
| Tool Version : Vivado v.2026.1 (win64) Build 6511674 Tue Jun 16 11:02:23 MDT 2026
| Date         : Sat Aug 22 16:36:45 2026
| Host         : Unnathi running 64-bit major release  (build 9200)
| Command      : report_control_sets -verbose -file basys3_ai_demo_control_sets_placed.rpt
| Design       : basys3_ai_demo
| Device       : xc7a35t
---------------------------------------------------------------------------------------------------------------------------------------------

Control Set Information

Table of Contents
-----------------
1. Summary
2. Histogram
3. Flip-Flop Distribution
4. Detailed Control Set Information

1. Summary
----------

+----------------------------------------------------------+-------+
|                          Status                          | Count |
+----------------------------------------------------------+-------+
| Total control sets                                       |   270 |
|    Minimum number of control sets                        |   270 |
|    Addition due to synthesis replication                 |     0 |
|    Addition due to physical synthesis replication        |     0 |
| Unused register locations in slices containing registers |    10 |
+----------------------------------------------------------+-------+
* Control sets can be merged at opt_design using control_set_merge or merge_equivalent_drivers
** Run report_qor_suggestions for automated merging and remapping suggestions


2. Histogram
------------

+--------------------+-------+
|       Fanout       | Count |
+--------------------+-------+
| Total control sets |   270 |
| >= 0 to < 4        |     1 |
| >= 4 to < 6        |     0 |
| >= 6 to < 8        |     0 |
| >= 8 to < 10       |     0 |
| >= 10 to < 12      |     0 |
| >= 12 to < 14      |     0 |
| >= 14 to < 16      |     0 |
| >= 16              |   269 |
+--------------------+-------+
* Control sets can be remapped at either synth_design or opt_design


3. Flip-Flop Distribution
-------------------------

+--------------+-----------------------+------------------------+-----------------+--------------+
| Clock Enable | Synchronous Set/Reset | Asynchronous Set/Reset | Total Registers | Total Slices |
+--------------+-----------------------+------------------------+-----------------+--------------+
| No           | No                    | No                     |               0 |            0 |
| No           | No                    | Yes                    |             357 |           97 |
| No           | Yes                   | No                     |               0 |            0 |
| Yes          | No                    | No                     |               0 |            0 |
| Yes          | No                    | Yes                    |           10529 |         4218 |
| Yes          | Yes                   | No                     |               0 |            0 |
+--------------+-----------------------+------------------------+-----------------+--------------+


4. Detailed Control Set Information
-----------------------------------

+----------------+-------------------------------------------------------------------+------------------+------------------+----------------+--------------+
|  Clock Signal  |                           Enable Signal                           | Set/Reset Signal | Slice Load Count | Bel Load Count | Bels / Slice |
+----------------+-------------------------------------------------------------------+------------------+------------------+----------------+--------------+
|  clk_IBUF_BUFG | SOC/CPU/REGFILE/pass_latched                                      | led_OBUF[0]      |                1 |              1 |         1.00 |
|  clk_IBUF_BUFG | SOC/CPU/exmem_result_reg[3]_rep__32_11[0]                         | led_OBUF[0]      |               18 |             32 |         1.78 |
|  clk_IBUF_BUFG | SOC/CPU/exmem_result_reg[9]_17[0]                                 | led_OBUF[0]      |               13 |             32 |         2.46 |
|  clk_IBUF_BUFG | SOC/CPU/exmem_result_reg[9]_36[0]                                 | led_OBUF[0]      |               14 |             32 |         2.29 |
|  clk_IBUF_BUFG | SOC/CPU/exmem_result_reg[9]_4[0]                                  | led_OBUF[0]      |               14 |             32 |         2.29 |
|  clk_IBUF_BUFG | SOC/CPU/exmem_result_reg[2]_rep__32_43[0]                         | led_OBUF[0]      |               12 |             32 |         2.67 |
|  clk_IBUF_BUFG | SOC/CPU/exmem_result_reg[2]_rep__32_47[0]                         | led_OBUF[0]      |               12 |             32 |         2.67 |
|  clk_IBUF_BUFG | SOC/CPU/exmem_result_reg[2]_rep__32_55[0]                         | led_OBUF[0]      |               11 |             32 |         2.91 |
|  clk_IBUF_BUFG | SOC/CPU/exmem_result_reg[2]_rep__32_65[0]                         | led_OBUF[0]      |               17 |             32 |         1.88 |
|  clk_IBUF_BUFG | SOC/CPU/exmem_result_reg[2]_rep__32_75[0]                         | led_OBUF[0]      |               15 |             32 |         2.13 |
|  clk_IBUF_BUFG | SOC/CPU/exmem_result_reg[2]_rep__32_51[0]                         | led_OBUF[0]      |               13 |             32 |         2.46 |
|  clk_IBUF_BUFG | SOC/CPU/exmem_result_reg[2]_rep__32_71[0]                         | led_OBUF[0]      |               15 |             32 |         2.13 |
|  clk_IBUF_BUFG | SOC/CPU/exmem_result_reg[2]_rep__32_52[0]                         | led_OBUF[0]      |               12 |             32 |         2.67 |
|  clk_IBUF_BUFG | SOC/CPU/exmem_result_reg[2]_rep__32_80[0]                         | led_OBUF[0]      |               15 |             32 |         2.13 |
|  clk_IBUF_BUFG | SOC/CPU/exmem_result_reg[2]_rep__32_81[0]                         | led_OBUF[0]      |               15 |             32 |         2.13 |
|  clk_IBUF_BUFG | SOC/CPU/exmem_result_reg[2]_rep__32_82[0]                         | led_OBUF[0]      |               14 |             32 |         2.29 |
|  clk_IBUF_BUFG | SOC/CPU/exmem_result_reg[2]_rep__32_83[0]                         | led_OBUF[0]      |               13 |             32 |         2.46 |
|  clk_IBUF_BUFG | SOC/CPU/exmem_result_reg[2]_rep__32_64[0]                         | led_OBUF[0]      |               16 |             32 |         2.00 |
|  clk_IBUF_BUFG | SOC/CPU/exmem_result_reg[2]_rep__32_85[0]                         | led_OBUF[0]      |               12 |             32 |         2.67 |
|  clk_IBUF_BUFG | SOC/CPU/exmem_result_reg[2]_rep__32_8[0]                          | led_OBUF[0]      |               15 |             32 |         2.13 |
|  clk_IBUF_BUFG | SOC/CPU/exmem_result_reg[2]_rep__32_86[0]                         | led_OBUF[0]      |               14 |             32 |         2.29 |
|  clk_IBUF_BUFG | SOC/CPU/exmem_result_reg[3]_rep__32_1[0]                          | led_OBUF[0]      |               15 |             32 |         2.13 |
|  clk_IBUF_BUFG | SOC/CPU/exmem_result_reg[3]_rep__32_10[0]                         | led_OBUF[0]      |               13 |             32 |         2.46 |
|  clk_IBUF_BUFG | SOC/CPU/exmem_result_reg[3]_rep__32_3[0]                          | led_OBUF[0]      |               15 |             32 |         2.13 |
|  clk_IBUF_BUFG | SOC/CPU/exmem_result_reg[3]_rep__32_4[0]                          | led_OBUF[0]      |               14 |             32 |         2.29 |
|  clk_IBUF_BUFG | SOC/CPU/exmem_result_reg[2]_rep__32_46[0]                         | led_OBUF[0]      |               11 |             32 |         2.91 |
|  clk_IBUF_BUFG | SOC/CPU/exmem_result_reg[2]_rep__32_49[0]                         | led_OBUF[0]      |               11 |             32 |         2.91 |
|  clk_IBUF_BUFG | SOC/CPU/exmem_result_reg[2]_rep__32_60[0]                         | led_OBUF[0]      |               12 |             32 |         2.67 |
|  clk_IBUF_BUFG | SOC/CPU/exmem_result_reg[2]_rep__32_4[0]                          | led_OBUF[0]      |               17 |             32 |         1.88 |
|  clk_IBUF_BUFG | SOC/CPU/exmem_result_reg[2]_rep__32_66[0]                         | led_OBUF[0]      |               19 |             32 |         1.68 |
|  clk_IBUF_BUFG | SOC/CPU/exmem_result_reg[2]_rep__32_69[0]                         | led_OBUF[0]      |               17 |             32 |         1.88 |
|  clk_IBUF_BUFG | SOC/CPU/exmem_result_reg[2]_rep__32_9[0]                          | led_OBUF[0]      |               14 |             32 |         2.29 |
|  clk_IBUF_BUFG | SOC/CPU/exmem_result_reg[2]_rep__32_38[0]                         | led_OBUF[0]      |               15 |             32 |         2.13 |
|  clk_IBUF_BUFG | SOC/CPU/exmem_result_reg[2]_rep__32_77[0]                         | led_OBUF[0]      |               16 |             32 |         2.00 |
|  clk_IBUF_BUFG | SOC/CPU/exmem_result_reg[3]_rep__32_12[0]                         | led_OBUF[0]      |               11 |             32 |         2.91 |
|  clk_IBUF_BUFG | SOC/CPU/exmem_result_reg[3]_rep__32_2[0]                          | led_OBUF[0]      |               16 |             32 |         2.00 |
|  clk_IBUF_BUFG | SOC/CPU/exmem_result_reg[2]_rep__32_40[0]                         | led_OBUF[0]      |               13 |             32 |         2.46 |
|  clk_IBUF_BUFG | SOC/CPU/exmem_result_reg[2]_rep__32_44[0]                         | led_OBUF[0]      |               13 |             32 |         2.46 |
|  clk_IBUF_BUFG | SOC/CPU/exmem_result_reg[2]_rep__32_5[0]                          | led_OBUF[0]      |               15 |             32 |         2.13 |
|  clk_IBUF_BUFG | SOC/CPU/exmem_result_reg[2]_rep__32_53[0]                         | led_OBUF[0]      |               13 |             32 |         2.46 |
|  clk_IBUF_BUFG | SOC/CPU/exmem_result_reg[2]_rep__32_58[0]                         | led_OBUF[0]      |               13 |             32 |         2.46 |
|  clk_IBUF_BUFG | SOC/CPU/exmem_result_reg[2]_rep__32_37[0]                         | led_OBUF[0]      |               13 |             32 |         2.46 |
|  clk_IBUF_BUFG | SOC/CPU/exmem_result_reg[2]_rep__32_7[0]                          | led_OBUF[0]      |               20 |             32 |         1.60 |
|  clk_IBUF_BUFG | SOC/CPU/exmem_result_reg[2]_rep__32_78[0]                         | led_OBUF[0]      |               18 |             32 |         1.78 |
|  clk_IBUF_BUFG | SOC/CPU/exmem_result_reg[2]_rep__32_84[0]                         | led_OBUF[0]      |               16 |             32 |         2.00 |
|  clk_IBUF_BUFG | SOC/CPU/exmem_result_reg[2]_rep__32_50[0]                         | led_OBUF[0]      |               14 |             32 |         2.29 |
|  clk_IBUF_BUFG | SOC/CPU/exmem_result_reg[2]_rep__32_70[0]                         | led_OBUF[0]      |               18 |             32 |         1.78 |
|  clk_IBUF_BUFG | SOC/CPU/exmem_result_reg[2]_rep__32_42[0]                         | led_OBUF[0]      |               11 |             32 |         2.91 |
|  clk_IBUF_BUFG | SOC/CPU/exmem_result_reg[2]_rep__32_48[0]                         | led_OBUF[0]      |               11 |             32 |         2.91 |
|  clk_IBUF_BUFG | SOC/CPU/exmem_result_reg[2]_rep__32_56[0]                         | led_OBUF[0]      |               10 |             32 |         3.20 |
|  clk_IBUF_BUFG | SOC/CPU/exmem_result_reg[2]_rep__32_6[0]                          | led_OBUF[0]      |               16 |             32 |         2.00 |
|  clk_IBUF_BUFG | SOC/CPU/exmem_result_reg[2]_rep__32_67[0]                         | led_OBUF[0]      |               17 |             32 |         1.88 |
|  clk_IBUF_BUFG | SOC/CPU/exmem_result_reg[2]_rep__32_61[0]                         | led_OBUF[0]      |               15 |             32 |         2.13 |
|  clk_IBUF_BUFG | SOC/CPU/exmem_result_reg[2]_rep__32_57[0]                         | led_OBUF[0]      |               11 |             32 |         2.91 |
|  clk_IBUF_BUFG | SOC/CPU/exmem_result_reg[2]_rep__32_41[0]                         | led_OBUF[0]      |               10 |             32 |         3.20 |
|  clk_IBUF_BUFG | SOC/CPU/exmem_result_reg[2]_rep__32_68[0]                         | led_OBUF[0]      |               15 |             32 |         2.13 |
|  clk_IBUF_BUFG | SOC/CPU/exmem_result_reg[2]_rep__32_72[0]                         | led_OBUF[0]      |               14 |             32 |         2.29 |
|  clk_IBUF_BUFG | SOC/CPU/exmem_result_reg[2]_rep__32_73[0]                         | led_OBUF[0]      |               15 |             32 |         2.13 |
|  clk_IBUF_BUFG | SOC/CPU/exmem_result_reg[2]_rep__32_36[0]                         | led_OBUF[0]      |               12 |             32 |         2.67 |
|  clk_IBUF_BUFG | SOC/CPU/exmem_result_reg[2]_rep__32_63[0]                         | led_OBUF[0]      |               12 |             32 |         2.67 |
|  clk_IBUF_BUFG | SOC/CPU/exmem_result_reg[2]_rep__32_76[0]                         | led_OBUF[0]      |               15 |             32 |         2.13 |
|  clk_IBUF_BUFG | SOC/CPU/exmem_result_reg[2]_rep__32_54[0]                         | led_OBUF[0]      |               11 |             32 |         2.91 |
|  clk_IBUF_BUFG | SOC/CPU/exmem_result_reg[2]_rep__32_59[0]                         | led_OBUF[0]      |               15 |             32 |         2.13 |
|  clk_IBUF_BUFG | SOC/CPU/exmem_result_reg[2]_rep__32_39[0]                         | led_OBUF[0]      |               11 |             32 |         2.91 |
|  clk_IBUF_BUFG | SOC/CPU/exmem_result_reg[2]_rep__32_62[0]                         | led_OBUF[0]      |               13 |             32 |         2.46 |
|  clk_IBUF_BUFG | SOC/CPU/exmem_result_reg[2]_rep__32_74[0]                         | led_OBUF[0]      |               14 |             32 |         2.29 |
|  clk_IBUF_BUFG | SOC/CPU/exmem_result_reg[9]_40[0]                                 | led_OBUF[0]      |               17 |             32 |         1.88 |
|  clk_IBUF_BUFG | SOC/CPU/exmem_result_reg[2]_rep__32_79[0]                         | led_OBUF[0]      |               15 |             32 |         2.13 |
|  clk_IBUF_BUFG | SOC/CPU/exmem_result_reg[2]_rep__32_45[0]                         | led_OBUF[0]      |               12 |             32 |         2.67 |
|  clk_IBUF_BUFG | SOC/CPU/exmem_result_reg[4]_rep__6_3[0]                           | led_OBUF[0]      |               12 |             32 |         2.67 |
|  clk_IBUF_BUFG | SOC/CPU/exmem_result_reg[5]_rep__2_10[0]                          | led_OBUF[0]      |               19 |             32 |         1.68 |
|  clk_IBUF_BUFG | SOC/CPU/exmem_result_reg[3]_rep__33_12[0]                         | led_OBUF[0]      |               13 |             32 |         2.46 |
|  clk_IBUF_BUFG | SOC/CPU/exmem_result_reg[4]_rep__6_12[0]                          | led_OBUF[0]      |               19 |             32 |         1.68 |
|  clk_IBUF_BUFG | SOC/CPU/exmem_result_reg[4]_rep__6_7[0]                           | led_OBUF[0]      |               13 |             32 |         2.46 |
|  clk_IBUF_BUFG | SOC/CPU/exmem_result_reg[5]_rep__2_11[0]                          | led_OBUF[0]      |               15 |             32 |         2.13 |
|  clk_IBUF_BUFG | SOC/CPU/exmem_result_reg[5]_rep__2_12[0]                          | led_OBUF[0]      |               13 |             32 |         2.46 |
|  clk_IBUF_BUFG | SOC/CPU/exmem_result_reg[3]_rep__33_1[0]                          | led_OBUF[0]      |               17 |             32 |         1.88 |
|  clk_IBUF_BUFG | SOC/CPU/exmem_result_reg[3]_rep__33_17[0]                         | led_OBUF[0]      |               11 |             32 |         2.91 |
|  clk_IBUF_BUFG | SOC/CPU/exmem_result_reg[3]_rep__33_19[0]                         | led_OBUF[0]      |               11 |             32 |         2.91 |
|  clk_IBUF_BUFG | SOC/CPU/exmem_result_reg[4]_rep__6_10[0]                          | led_OBUF[0]      |               10 |             32 |         3.20 |
|  clk_IBUF_BUFG | SOC/CPU/exmem_result_reg[3]_rep__33_23[0]                         | led_OBUF[0]      |               12 |             32 |         2.67 |
|  clk_IBUF_BUFG | SOC/CPU/exmem_result_reg[3]_rep__33_7[0]                          | led_OBUF[0]      |               15 |             32 |         2.13 |
|  clk_IBUF_BUFG | SOC/CPU/exmem_result_reg[4]_rep__6_0[0]                           | led_OBUF[0]      |               13 |             32 |         2.46 |
|  clk_IBUF_BUFG | SOC/CPU/exmem_result_reg[3]_rep__33_9[0]                          | led_OBUF[0]      |               14 |             32 |         2.29 |
|  clk_IBUF_BUFG | SOC/CPU/exmem_result_reg[4]_rep__6_13[0]                          | led_OBUF[0]      |               13 |             32 |         2.46 |
|  clk_IBUF_BUFG | SOC/CPU/exmem_result_reg[4]_rep__6_14[0]                          | led_OBUF[0]      |               19 |             32 |         1.68 |
|  clk_IBUF_BUFG | SOC/CPU/exmem_result_reg[4]_rep__6_1[0]                           | led_OBUF[0]      |               13 |             32 |         2.46 |
|  clk_IBUF_BUFG | SOC/CPU/exmem_result_reg[4]_rep__6_15[0]                          | led_OBUF[0]      |               19 |             32 |         1.68 |
|  clk_IBUF_BUFG | SOC/CPU/exmem_result_reg[4]_rep__6_17[0]                          | led_OBUF[0]      |               14 |             32 |         2.29 |
|  clk_IBUF_BUFG | SOC/CPU/exmem_result_reg[4]_rep__6_19[0]                          | led_OBUF[0]      |               17 |             32 |         1.88 |
|  clk_IBUF_BUFG | SOC/CPU/exmem_result_reg[4]_rep__6_20[0]                          | led_OBUF[0]      |               11 |             32 |         2.91 |
|  clk_IBUF_BUFG | SOC/CPU/exmem_result_reg[4]_rep__6_5[0]                           | led_OBUF[0]      |               12 |             32 |         2.67 |
|  clk_IBUF_BUFG | SOC/CPU/exmem_result_reg[3]_rep__32_9[0]                          | led_OBUF[0]      |               15 |             32 |         2.13 |
|  clk_IBUF_BUFG | SOC/CPU/exmem_result_reg[3]_rep__33_0[0]                          | led_OBUF[0]      |               16 |             32 |         2.00 |
|  clk_IBUF_BUFG | SOC/CPU/exmem_result_reg[3]_rep__33_15[0]                         | led_OBUF[0]      |               13 |             32 |         2.46 |
|  clk_IBUF_BUFG | SOC/CPU/exmem_result_reg[4]_rep__6_6[0]                           | led_OBUF[0]      |               13 |             32 |         2.46 |
|  clk_IBUF_BUFG | SOC/CPU/exmem_result_reg[5]_rep__2_0[0]                           | led_OBUF[0]      |                8 |             32 |         4.00 |
|  clk_IBUF_BUFG | SOC/CPU/exmem_result_reg[3]_rep__33_18[0]                         | led_OBUF[0]      |               12 |             32 |         2.67 |
|  clk_IBUF_BUFG | SOC/CPU/exmem_result_reg[3]_rep__33_8[0]                          | led_OBUF[0]      |               13 |             32 |         2.46 |
|  clk_IBUF_BUFG | SOC/CPU/exmem_result_reg[5]_rep__2_14[0]                          | led_OBUF[0]      |               16 |             32 |         2.00 |
|  clk_IBUF_BUFG | SOC/CPU/exmem_result_reg[5]_rep__2_16[0]                          | led_OBUF[0]      |               15 |             32 |         2.13 |
|  clk_IBUF_BUFG | SOC/CPU/exmem_result_reg[4]_rep__6_24[0]                          | led_OBUF[0]      |               12 |             32 |         2.67 |
|  clk_IBUF_BUFG | SOC/CPU/exmem_result_reg[3]_rep__33_10[0]                         | led_OBUF[0]      |               13 |             32 |         2.46 |
|  clk_IBUF_BUFG | SOC/CPU/exmem_result_reg[4]_rep__6_18[0]                          | led_OBUF[0]      |               16 |             32 |         2.00 |
|  clk_IBUF_BUFG | SOC/CPU/exmem_result_reg[4]_rep__6_23[0]                          | led_OBUF[0]      |               15 |             32 |         2.13 |
|  clk_IBUF_BUFG | SOC/CPU/exmem_result_reg[3]_rep__33_13[0]                         | led_OBUF[0]      |               12 |             32 |         2.67 |
|  clk_IBUF_BUFG | SOC/CPU/exmem_result_reg[3]_rep__33_6[0]                          | led_OBUF[0]      |               12 |             32 |         2.67 |
|  clk_IBUF_BUFG | SOC/CPU/exmem_result_reg[3]_rep__33_14[0]                         | led_OBUF[0]      |               13 |             32 |         2.46 |
|  clk_IBUF_BUFG | SOC/CPU/exmem_result_reg[4]_rep__6_9[0]                           | led_OBUF[0]      |               12 |             32 |         2.67 |
|  clk_IBUF_BUFG | SOC/CPU/exmem_result_reg[5]_rep__2_1[0]                           | led_OBUF[0]      |                9 |             32 |         3.56 |
|  clk_IBUF_BUFG | SOC/CPU/exmem_result_reg[5]_rep__2_13[0]                          | led_OBUF[0]      |               13 |             32 |         2.46 |
|  clk_IBUF_BUFG | SOC/CPU/exmem_result_reg[5]_rep__2_15[0]                          | led_OBUF[0]      |               12 |             32 |         2.67 |
|  clk_IBUF_BUFG | SOC/CPU/exmem_result_reg[5]_rep__2_17[0]                          | led_OBUF[0]      |               15 |             32 |         2.13 |
|  clk_IBUF_BUFG | SOC/CPU/exmem_result_reg[4]_rep__6_22[0]                          | led_OBUF[0]      |               14 |             32 |         2.29 |
|  clk_IBUF_BUFG | SOC/CPU/exmem_result_reg[4]_rep__6_8[0]                           | led_OBUF[0]      |               12 |             32 |         2.67 |
|  clk_IBUF_BUFG | SOC/CPU/exmem_result_reg[3]_rep__32_5[0]                          | led_OBUF[0]      |               14 |             32 |         2.29 |
|  clk_IBUF_BUFG | SOC/CPU/exmem_result_reg[3]_rep__32_6[0]                          | led_OBUF[0]      |               16 |             32 |         2.00 |
|  clk_IBUF_BUFG | SOC/CPU/exmem_result_reg[3]_rep__33_16[0]                         | led_OBUF[0]      |               12 |             32 |         2.67 |
|  clk_IBUF_BUFG | SOC/CPU/exmem_result_reg[3]_rep__33_2[0]                          | led_OBUF[0]      |               15 |             32 |         2.13 |
|  clk_IBUF_BUFG | SOC/CPU/exmem_result_reg[3]_rep__33_20[0]                         | led_OBUF[0]      |               11 |             32 |         2.91 |
|  clk_IBUF_BUFG | SOC/CPU/exmem_result_reg[3]_rep__33_21[0]                         | led_OBUF[0]      |               12 |             32 |         2.67 |
|  clk_IBUF_BUFG | SOC/CPU/exmem_result_reg[3]_rep__33_22[0]                         | led_OBUF[0]      |               10 |             32 |         3.20 |
|  clk_IBUF_BUFG | SOC/CPU/exmem_result_reg[3]_rep__33_5[0]                          | led_OBUF[0]      |               14 |             32 |         2.29 |
|  clk_IBUF_BUFG | SOC/CPU/exmem_result_reg[4]_rep__6_2[0]                           | led_OBUF[0]      |               13 |             32 |         2.46 |
|  clk_IBUF_BUFG | SOC/CPU/exmem_result_reg[3]_rep__33_3[0]                          | led_OBUF[0]      |               15 |             32 |         2.13 |
|  clk_IBUF_BUFG | SOC/CPU/exmem_result_reg[3]_rep__33_11[0]                         | led_OBUF[0]      |               14 |             32 |         2.29 |
|  clk_IBUF_BUFG | SOC/CPU/exmem_result_reg[4]_rep__6_21[0]                          | led_OBUF[0]      |               12 |             32 |         2.67 |
|  clk_IBUF_BUFG | SOC/CPU/exmem_result_reg[4]_rep__6_11[0]                          | led_OBUF[0]      |               12 |             32 |         2.67 |
|  clk_IBUF_BUFG | SOC/CPU/exmem_result_reg[4]_rep__6_4[0]                           | led_OBUF[0]      |               15 |             32 |         2.13 |
|  clk_IBUF_BUFG | SOC/CPU/exmem_result_reg[4]_rep__6_16[0]                          | led_OBUF[0]      |               14 |             32 |         2.29 |
|  clk_IBUF_BUFG | SOC/CPU/exmem_result_reg[3]_rep__33_4[0]                          | led_OBUF[0]      |               16 |             32 |         2.00 |
|  clk_IBUF_BUFG | SOC/CPU/exmem_result_reg[3]_rep__32_8[0]                          | led_OBUF[0]      |               15 |             32 |         2.13 |
|  clk_IBUF_BUFG | SOC/CPU/exmem_result_reg[3]_rep__32_7[0]                          | led_OBUF[0]      |               15 |             32 |         2.13 |
|  clk_IBUF_BUFG | SOC/CPU/exmem_result_reg[9]_9[0]                                  | led_OBUF[0]      |               12 |             32 |         2.67 |
|  clk_IBUF_BUFG | SOC/CPU/E[0]                                                      | led_OBUF[0]      |               14 |             32 |         2.29 |
|  clk_IBUF_BUFG | SOC/CPU/exmem_result_reg[2]_rep__32_13[0]                         | led_OBUF[0]      |               12 |             32 |         2.67 |
|  clk_IBUF_BUFG | SOC/CPU/exmem_result_reg[2]_rep__32_2[0]                          | led_OBUF[0]      |               15 |             32 |         2.13 |
|  clk_IBUF_BUFG | SOC/CPU/exmem_result_reg[2]_rep__32_21[0]                         | led_OBUF[0]      |               15 |             32 |         2.13 |
|  clk_IBUF_BUFG | SOC/CPU/exmem_result_reg[2]_rep__32_26[0]                         | led_OBUF[0]      |               14 |             32 |         2.29 |
|  clk_IBUF_BUFG | SOC/CPU/exmem_result_reg[2]_rep__32_1[0]                          | led_OBUF[0]      |               17 |             32 |         1.88 |
|  clk_IBUF_BUFG | SOC/CPU/exmem_result_reg[2]_rep__32_23[0]                         | led_OBUF[0]      |               15 |             32 |         2.13 |
|  clk_IBUF_BUFG | SOC/CPU/exmem_result_reg[2]_rep__32_15[0]                         | led_OBUF[0]      |               16 |             32 |         2.00 |
|  clk_IBUF_BUFG | SOC/CPU/exmem_result_reg[2]_rep__32_28[0]                         | led_OBUF[0]      |               14 |             32 |         2.29 |
|  clk_IBUF_BUFG | SOC/CPU/exmem_result_reg[2]_rep__32_29[0]                         | led_OBUF[0]      |               13 |             32 |         2.46 |
|  clk_IBUF_BUFG | SOC/CPU/exmem_result_reg[2]_rep__32_17[0]                         | led_OBUF[0]      |               11 |             32 |         2.91 |
|  clk_IBUF_BUFG | SOC/CPU/exmem_result_reg[2]_rep__32_3[0]                          | led_OBUF[0]      |               15 |             32 |         2.13 |
|  clk_IBUF_BUFG | SOC/CPU/exmem_result_reg[2]_rep__32_25[0]                         | led_OBUF[0]      |               13 |             32 |         2.46 |
|  clk_IBUF_BUFG | SOC/CPU/exmem_result_reg[2]_rep__32_16[0]                         | led_OBUF[0]      |               13 |             32 |         2.46 |
|  clk_IBUF_BUFG | SOC/CPU/exmem_result_reg[2]_rep__32_24[0]                         | led_OBUF[0]      |               15 |             32 |         2.13 |
|  clk_IBUF_BUFG | SOC/CPU/exmem_result_reg[2]_rep__32_19[0]                         | led_OBUF[0]      |               13 |             32 |         2.46 |
|  clk_IBUF_BUFG | SOC/CPU/exmem_result_reg[2]_rep__32_27[0]                         | led_OBUF[0]      |               17 |             32 |         1.88 |
|  clk_IBUF_BUFG | SOC/CPU/exmem_result_reg[2]_rep__32_11[0]                         | led_OBUF[0]      |               14 |             32 |         2.29 |
|  clk_IBUF_BUFG | SOC/CPU/exmem_result_reg[2]_rep__32_30[0]                         | led_OBUF[0]      |               13 |             32 |         2.46 |
|  clk_IBUF_BUFG | SOC/CPU/exmem_result_reg[2]_rep__32_31[0]                         | led_OBUF[0]      |               13 |             32 |         2.46 |
|  clk_IBUF_BUFG | SOC/CPU/exmem_result_reg[2]_rep__32_32[0]                         | led_OBUF[0]      |               13 |             32 |         2.46 |
|  clk_IBUF_BUFG | SOC/CPU/exmem_result_reg[2]_rep__32_33[0]                         | led_OBUF[0]      |               12 |             32 |         2.67 |
|  clk_IBUF_BUFG | SOC/CPU/exmem_result_reg[2]_rep__32_34[0]                         | led_OBUF[0]      |               13 |             32 |         2.46 |
|  clk_IBUF_BUFG | SOC/CPU/exmem_result_reg[2]_rep__32_35[0]                         | led_OBUF[0]      |                9 |             32 |         3.56 |
|  clk_IBUF_BUFG | SOC/CPU/exmem_result_reg[2]_rep__32_10[0]                         | led_OBUF[0]      |               15 |             32 |         2.13 |
|  clk_IBUF_BUFG | SOC/CPU/exmem_result_reg[2]_rep__32_12[0]                         | led_OBUF[0]      |               14 |             32 |         2.29 |
|  clk_IBUF_BUFG | SOC/CPU/exmem_result_reg[2]_rep__32_14[0]                         | led_OBUF[0]      |               11 |             32 |         2.91 |
|  clk_IBUF_BUFG | SOC/CPU/exmem_result_reg[2]_rep__32_18[0]                         | led_OBUF[0]      |               12 |             32 |         2.67 |
|  clk_IBUF_BUFG | SOC/CPU/exmem_result_reg[2]_rep__32_20[0]                         | led_OBUF[0]      |               15 |             32 |         2.13 |
|  clk_IBUF_BUFG | SOC/CPU/exmem_result_reg[2]_rep__32_22[0]                         | led_OBUF[0]      |               14 |             32 |         2.29 |
|  clk_IBUF_BUFG | SOC/CPU/exmem_result_reg[6]_rep__0_13[0]                          | led_OBUF[0]      |               14 |             32 |         2.29 |
|  clk_IBUF_BUFG | SOC/CPU/exmem_result_reg[7]_rep_1[0]                              | led_OBUF[0]      |               14 |             32 |         2.29 |
|  clk_IBUF_BUFG | SOC/CPU/exmem_result_reg[7]_rep_8[0]                              | led_OBUF[0]      |               14 |             32 |         2.29 |
|  clk_IBUF_BUFG | SOC/CPU/exmem_result_reg[8]_2[0]                                  | led_OBUF[0]      |               18 |             32 |         1.78 |
|  clk_IBUF_BUFG | SOC/CPU/exmem_result_reg[8]_4[0]                                  | led_OBUF[0]      |               15 |             32 |         2.13 |
|  clk_IBUF_BUFG | SOC/CPU/exmem_result_reg[7]_rep_14[0]                             | led_OBUF[0]      |               14 |             32 |         2.29 |
|  clk_IBUF_BUFG | SOC/CPU/exmem_result_reg[8]_5[0]                                  | led_OBUF[0]      |               15 |             32 |         2.13 |
|  clk_IBUF_BUFG | SOC/CPU/exmem_result_reg[5]_rep__2_5[0]                           | led_OBUF[0]      |               12 |             32 |         2.67 |
|  clk_IBUF_BUFG | SOC/CPU/exmem_result_reg[8]_6[0]                                  | led_OBUF[0]      |               15 |             32 |         2.13 |
|  clk_IBUF_BUFG | SOC/CPU/exmem_result_reg[8]_7[0]                                  | led_OBUF[0]      |               14 |             32 |         2.29 |
|  clk_IBUF_BUFG | SOC/CPU/exmem_result_reg[8]_8[0]                                  | led_OBUF[0]      |               18 |             32 |         1.78 |
|  clk_IBUF_BUFG | SOC/CPU/exmem_result_reg[5]_rep__2_19[0]                          | led_OBUF[0]      |               12 |             32 |         2.67 |
|  clk_IBUF_BUFG | SOC/CPU/exmem_result_reg[6]_rep__0_10[0]                          | led_OBUF[0]      |               13 |             32 |         2.46 |
|  clk_IBUF_BUFG | SOC/CPU/exmem_result_reg[6]_rep__0_14[0]                          | led_OBUF[0]      |               16 |             32 |         2.00 |
|  clk_IBUF_BUFG | SOC/CPU/exmem_result_reg[5]_rep__2_18[0]                          | led_OBUF[0]      |               12 |             32 |         2.67 |
|  clk_IBUF_BUFG | SOC/CPU/exmem_result_reg[5]_rep__2_3[0]                           | led_OBUF[0]      |               10 |             32 |         3.20 |
|  clk_IBUF_BUFG | SOC/CPU/exmem_result_reg[6]_rep__0_8[0]                           | led_OBUF[0]      |               11 |             32 |         2.91 |
|  clk_IBUF_BUFG | SOC/CPU/exmem_result_reg[8]_13[0]                                 | led_OBUF[0]      |               17 |             32 |         1.88 |
|  clk_IBUF_BUFG | SOC/CPU/exmem_result_reg[5]_rep__2_20[0]                          | led_OBUF[0]      |               16 |             32 |         2.00 |
|  clk_IBUF_BUFG | SOC/CPU/exmem_result_reg[7]_rep_5[0]                              | led_OBUF[0]      |               11 |             32 |         2.91 |
|  clk_IBUF_BUFG | SOC/CPU/exmem_result_reg[6]_rep__0_19[0]                          | led_OBUF[0]      |               14 |             32 |         2.29 |
|  clk_IBUF_BUFG | SOC/CPU/exmem_result_reg[7]_rep_0[0]                              | led_OBUF[0]      |               14 |             32 |         2.29 |
|  clk_IBUF_BUFG | SOC/CPU/exmem_result_reg[7]_rep_11[0]                             | led_OBUF[0]      |               14 |             32 |         2.29 |
|  clk_IBUF_BUFG | SOC/CPU/exmem_result_reg[7]_rep_4[0]                              | led_OBUF[0]      |               12 |             32 |         2.67 |
|  clk_IBUF_BUFG | SOC/CPU/exmem_result_reg[7]_rep_3[0]                              | led_OBUF[0]      |               11 |             32 |         2.91 |
|  clk_IBUF_BUFG | SOC/CPU/exmem_result_reg[6]_rep__0_18[0]                          | led_OBUF[0]      |               16 |             32 |         2.00 |
|  clk_IBUF_BUFG | SOC/CPU/exmem_result_reg[8]_3[0]                                  | led_OBUF[0]      |               16 |             32 |         2.00 |
|  clk_IBUF_BUFG | SOC/CPU/exmem_result_reg[8]_9[0]                                  | led_OBUF[0]      |               12 |             32 |         2.67 |
|  clk_IBUF_BUFG | SOC/CPU/exmem_result_reg[9]_0[0]                                  | led_OBUF[0]      |               17 |             32 |         1.88 |
|  clk_IBUF_BUFG | SOC/CPU/exmem_result_reg[6]_rep__0_2[0]                           | led_OBUF[0]      |               14 |             32 |         2.29 |
|  clk_IBUF_BUFG | SOC/CPU/exmem_result_reg[6]_rep__0_11[0]                          | led_OBUF[0]      |               17 |             32 |         1.88 |
|  clk_IBUF_BUFG | SOC/CPU/exmem_result_reg[6]_rep__0_3[0]                           | led_OBUF[0]      |               13 |             32 |         2.46 |
|  clk_IBUF_BUFG | SOC/CPU/exmem_result_reg[5]_rep__2_9[0]                           | led_OBUF[0]      |               17 |             32 |         1.88 |
|  clk_IBUF_BUFG | SOC/CPU/exmem_result_reg[6]_rep__0_12[0]                          | led_OBUF[0]      |               15 |             32 |         2.13 |
|  clk_IBUF_BUFG | SOC/CPU/exmem_result_reg[5]_rep__2_21[0]                          | led_OBUF[0]      |               16 |             32 |         2.00 |
|  clk_IBUF_BUFG | SOC/CPU/exmem_result_reg[5]_rep__2_8[0]                           | led_OBUF[0]      |               13 |             32 |         2.46 |
|  clk_IBUF_BUFG | SOC/CPU/exmem_result_reg[6]_rep__0_15[0]                          | led_OBUF[0]      |               15 |             32 |         2.13 |
|  clk_IBUF_BUFG | SOC/CPU/exmem_result_reg[7]_rep_12[0]                             | led_OBUF[0]      |               17 |             32 |         1.88 |
|  clk_IBUF_BUFG | SOC/CPU/exmem_result_reg[7]_rep_9[0]                              | led_OBUF[0]      |               15 |             32 |         2.13 |
|  clk_IBUF_BUFG | SOC/CPU/exmem_result_reg[6]_rep__0_9[0]                           | led_OBUF[0]      |               11 |             32 |         2.91 |
|  clk_IBUF_BUFG | SOC/CPU/exmem_result_reg[7]_rep_13[0]                             | led_OBUF[0]      |               14 |             32 |         2.29 |
|  clk_IBUF_BUFG | SOC/CPU/exmem_result_reg[7]_rep_2[0]                              | led_OBUF[0]      |               11 |             32 |         2.91 |
|  clk_IBUF_BUFG | SOC/CPU/exmem_result_reg[8]_1[0]                                  | led_OBUF[0]      |               16 |             32 |         2.00 |
|  clk_IBUF_BUFG | SOC/CPU/exmem_result_reg[5]_rep__2_7[0]                           | led_OBUF[0]      |               12 |             32 |         2.67 |
|  clk_IBUF_BUFG | SOC/CPU/exmem_result_reg[7]_rep_15[0]                             | led_OBUF[0]      |               15 |             32 |         2.13 |
|  clk_IBUF_BUFG | SOC/CPU/exmem_result_reg[6]_rep__0_1[0]                           | led_OBUF[0]      |               14 |             32 |         2.29 |
|  clk_IBUF_BUFG | SOC/CPU/exmem_result_reg[6]_rep__0_4[0]                           | led_OBUF[0]      |               12 |             32 |         2.67 |
|  clk_IBUF_BUFG | SOC/CPU/exmem_result_reg[7]_rep_10[0]                             | led_OBUF[0]      |               15 |             32 |         2.13 |
|  clk_IBUF_BUFG | SOC/CPU/exmem_result_reg[6]_rep__0_17[0]                          | led_OBUF[0]      |               17 |             32 |         1.88 |
|  clk_IBUF_BUFG | SOC/CPU/exmem_result_reg[7]_rep_6[0]                              | led_OBUF[0]      |               14 |             32 |         2.29 |
|  clk_IBUF_BUFG | SOC/CPU/exmem_result_reg[7]_rep_7[0]                              | led_OBUF[0]      |               13 |             32 |         2.46 |
|  clk_IBUF_BUFG | SOC/CPU/exmem_result_reg[8]_0[0]                                  | led_OBUF[0]      |               15 |             32 |         2.13 |
|  clk_IBUF_BUFG | SOC/CPU/exmem_result_reg[5]_rep__2_4[0]                           | led_OBUF[0]      |               10 |             32 |         3.20 |
|  clk_IBUF_BUFG | SOC/CPU/exmem_result_reg[5]_rep__2_6[0]                           | led_OBUF[0]      |               13 |             32 |         2.46 |
|  clk_IBUF_BUFG | SOC/CPU/exmem_result_reg[6]_rep__0_7[0]                           | led_OBUF[0]      |               11 |             32 |         2.91 |
|  clk_IBUF_BUFG | SOC/CPU/exmem_result_reg[6]_rep__0_6[0]                           | led_OBUF[0]      |               13 |             32 |         2.46 |
|  clk_IBUF_BUFG | SOC/CPU/exmem_result_reg[8]_10[0]                                 | led_OBUF[0]      |               19 |             32 |         1.68 |
|  clk_IBUF_BUFG | SOC/CPU/exmem_result_reg[6]_rep__0_5[0]                           | led_OBUF[0]      |               11 |             32 |         2.91 |
|  clk_IBUF_BUFG | SOC/CPU/exmem_result_reg[6]_rep__0_16[0]                          | led_OBUF[0]      |               16 |             32 |         2.00 |
|  clk_IBUF_BUFG | SOC/CPU/exmem_result_reg[5]_rep__2_2[0]                           | led_OBUF[0]      |                7 |             32 |         4.57 |
|  clk_IBUF_BUFG | SOC/CPU/exmem_result_reg[6]_rep__0_0[0]                           | led_OBUF[0]      |               17 |             32 |         1.88 |
|  clk_IBUF_BUFG | SOC/CPU/exmem_result_reg[8]_11[0]                                 | led_OBUF[0]      |               17 |             32 |         1.88 |
|  clk_IBUF_BUFG | SOC/CPU/exmem_result_reg[8]_12[0]                                 | led_OBUF[0]      |               19 |             32 |         1.68 |
|  clk_IBUF_BUFG | SOC/CPU/exmem_result_reg[9]_23[0]                                 | led_OBUF[0]      |               12 |             32 |         2.67 |
|  clk_IBUF_BUFG | SOC/CPU/exmem_result_reg[9]_7[0]                                  | led_OBUF[0]      |               13 |             32 |         2.46 |
|  clk_IBUF_BUFG | SOC/CPU/exmem_result_reg[9]_19[0]                                 | led_OBUF[0]      |               12 |             32 |         2.67 |
|  clk_IBUF_BUFG | SOC/CPU/exmem_result_reg[9]_10[0]                                 | led_OBUF[0]      |               10 |             32 |         3.20 |
|  clk_IBUF_BUFG | SOC/CPU/exmem_result_reg[9]_13[0]                                 | led_OBUF[0]      |               12 |             32 |         2.67 |
|  clk_IBUF_BUFG | SOC/CPU/exmem_result_reg[9]_18[0]                                 | led_OBUF[0]      |               11 |             32 |         2.91 |
|  clk_IBUF_BUFG | SOC/CPU/exmem_result_reg[9]_14[0]                                 | led_OBUF[0]      |               13 |             32 |         2.46 |
|  clk_IBUF_BUFG | SOC/CPU/exmem_result_reg[9]_15[0]                                 | led_OBUF[0]      |               11 |             32 |         2.91 |
|  clk_IBUF_BUFG | SOC/CPU/exmem_result_reg[9]_39[0]                                 | led_OBUF[0]      |               16 |             32 |         2.00 |
|  clk_IBUF_BUFG | SOC/CPU/exmem_result_reg[9]_30[0]                                 | led_OBUF[0]      |               13 |             32 |         2.46 |
|  clk_IBUF_BUFG | SOC/CPU/exmem_result_reg[9]_42[0]                                 | led_OBUF[0]      |               16 |             32 |         2.00 |
|  clk_IBUF_BUFG | SOC/CPU/exmem_result_reg[9]_21[0]                                 | led_OBUF[0]      |               10 |             32 |         3.20 |
|  clk_IBUF_BUFG | SOC/CPU/exmem_result_reg[9]_16[0]                                 | led_OBUF[0]      |               12 |             32 |         2.67 |
|  clk_IBUF_BUFG | SOC/CPU/exmem_result_reg[9]_43[0]                                 | led_OBUF[0]      |               15 |             32 |         2.13 |
|  clk_IBUF_BUFG | SOC/CPU/exmem_result_reg[9]_5[0]                                  | led_OBUF[0]      |               12 |             32 |         2.67 |
|  clk_IBUF_BUFG | SOC/CPU/exmem_result_reg[9]_31[0]                                 | led_OBUF[0]      |               11 |             32 |         2.91 |
|  clk_IBUF_BUFG | SOC/CPU/exmem_result_reg[9]_37[0]                                 | led_OBUF[0]      |               14 |             32 |         2.29 |
|  clk_IBUF_BUFG | SOC/CPU/exmem_result_reg[9]_6[0]                                  | led_OBUF[0]      |               15 |             32 |         2.13 |
|  clk_IBUF_BUFG | SOC/CPU/exmem_result_reg[9]_28[0]                                 | led_OBUF[0]      |               11 |             32 |         2.91 |
|  clk_IBUF_BUFG | SOC/CPU/exmem_result_reg[9]_34[0]                                 | led_OBUF[0]      |               13 |             32 |         2.46 |
|  clk_IBUF_BUFG | SOC/CPU/exmem_result_reg[9]_35[0]                                 | led_OBUF[0]      |               13 |             32 |         2.46 |
|  clk_IBUF_BUFG | SOC/CPU/exmem_result_reg[9]_26[0]                                 | led_OBUF[0]      |               15 |             32 |         2.13 |
|  clk_IBUF_BUFG | SOC/CPU/exmem_result_reg[9]_20[0]                                 | led_OBUF[0]      |               11 |             32 |         2.91 |
|  clk_IBUF_BUFG | SOC/CPU/exmem_result_reg[9]_29[0]                                 | led_OBUF[0]      |               12 |             32 |         2.67 |
|  clk_IBUF_BUFG | SOC/CPU/exmem_result_reg[9]_38[0]                                 | led_OBUF[0]      |               13 |             32 |         2.46 |
|  clk_IBUF_BUFG | SOC/CPU/exmem_result_reg[9]_41[0]                                 | led_OBUF[0]      |               15 |             32 |         2.13 |
|  clk_IBUF_BUFG | SOC/CPU/exmem_result_reg[9]_22[0]                                 | led_OBUF[0]      |               11 |             32 |         2.91 |
|  clk_IBUF_BUFG | SOC/CPU/exmem_result_reg[9]_32[0]                                 | led_OBUF[0]      |               13 |             32 |         2.46 |
|  clk_IBUF_BUFG | SOC/CPU/exmem_result_reg[9]_2[0]                                  | led_OBUF[0]      |               14 |             32 |         2.29 |
|  clk_IBUF_BUFG | SOC/CPU/exmem_result_reg[9]_25[0]                                 | led_OBUF[0]      |               15 |             32 |         2.13 |
|  clk_IBUF_BUFG | SOC/CPU/exmem_result_reg[9]_27[0]                                 | led_OBUF[0]      |               14 |             32 |         2.29 |
|  clk_IBUF_BUFG | SOC/CPU/exmem_result_reg[9]_3[0]                                  | led_OBUF[0]      |               14 |             32 |         2.29 |
|  clk_IBUF_BUFG | SOC/CPU/exmem_result_reg[9]_8[0]                                  | led_OBUF[0]      |               17 |             32 |         1.88 |
|  clk_IBUF_BUFG | SOC/CPU/exmem_result_reg[9]_1[0]                                  | led_OBUF[0]      |               15 |             32 |         2.13 |
|  clk_IBUF_BUFG | SOC/CPU/exmem_result_reg[9]_11[0]                                 | led_OBUF[0]      |               12 |             32 |         2.67 |
|  clk_IBUF_BUFG | SOC/CPU/exmem_result_reg[9]_12[0]                                 | led_OBUF[0]      |               13 |             32 |         2.46 |
|  clk_IBUF_BUFG | SOC/CPU/exmem_result_reg[9]_24[0]                                 | led_OBUF[0]      |               18 |             32 |         1.78 |
|  clk_IBUF_BUFG | SOC/CPU/exmem_result_reg[9]_33[0]                                 | led_OBUF[0]      |               11 |             32 |         2.91 |
|  clk_IBUF_BUFG | SOC/CPU/p_0_in_0                                                  | led_OBUF[0]      |               33 |            128 |         3.88 |
|  clk_IBUF_BUFG | SOC/AI_BUS/ACCELERATOR/COMPUTE_ENGINE/STREAM_CONTROLLER/A0_reg[0] | led_OBUF[0]      |               58 |            256 |         4.41 |
|  clk_IBUF_BUFG |                                                                   | led_OBUF[0]      |               97 |            357 |         3.68 |
|  clk_IBUF_BUFG | SOC/AI_BUS/ACCELERATOR/COMPUTE_ENGINE/STREAM_CONTROLLER/E[0]      | led_OBUF[0]      |              196 |            704 |         3.59 |
|  clk_IBUF_BUFG | SOC/CPU/REGFILE/E[0]                                              | led_OBUF[0]      |              294 |            992 |         3.37 |
+----------------+-------------------------------------------------------------------+------------------+------------------+----------------+--------------+


