Time resolution is 1 ps

========================================
RISC-V AI ACCELERATOR FULL TEST
========================================

SOURCE MATRICES LOADED

AI BASE ADDRESS = 0x00000080

PROGRAM EXECUTION STARTED
CPU LOAD  | addr=0x00000000 | data=0x04030201
CPU STORE | addr=0x00000080 | data=0x04030201
CPU LOAD  | addr=0x00000004 | data=0x08070605
CPU STORE | addr=0x00000084 | data=0x08070605
CPU LOAD  | addr=0x00000008 | data=0x0c0b0a09
CPU STORE | addr=0x00000088 | data=0x0c0b0a09
CPU LOAD  | addr=0x0000000c | data=0x100f0e0d
CPU STORE | addr=0x0000008c | data=0x100f0e0d
CPU LOAD  | addr=0x00000010 | data=0x00010201
CPU STORE | addr=0x00000090 | data=0x00010201
CPU LOAD  | addr=0x00000014 | data=0x01020100
CPU STORE | addr=0x00000094 | data=0x01020100
CPU LOAD  | addr=0x00000018 | data=0x02010001
CPU STORE | addr=0x00000098 | data=0x02010001
CPU LOAD  | addr=0x0000001c | data=0x01000102
CPU STORE | addr=0x0000009c | data=0x01000102
CPU STORE | addr=0x000000a0 | data=0x00000001
CPU LOAD  | addr=0x000000a8 | data=0x0000000c
CPU LOAD  | addr=0x000000ac | data=0x00000008
CPU LOAD  | addr=0x000000b0 | data=0x00000008
CPU LOAD  | addr=0x000000b4 | data=0x0000000c
CPU LOAD  | addr=0x000000b8 | data=0x0000001c
CPU LOAD  | addr=0x000000bc | data=0x00000018
CPU LOAD  | addr=0x000000c0 | data=0x00000018
CPU LOAD  | addr=0x000000c4 | data=0x0000001c
CPU LOAD  | addr=0x000000c8 | data=0x0000002c
CPU LOAD  | addr=0x000000cc | data=0x00000028
CPU LOAD  | addr=0x000000d0 | data=0x00000028
CPU LOAD  | addr=0x000000d4 | data=0x0000002c
CPU LOAD  | addr=0x000000d8 | data=0x0000003c
CPU LOAD  | addr=0x000000dc | data=0x00000038
CPU LOAD  | addr=0x000000e0 | data=0x00000038
CPU LOAD  | addr=0x000000e4 | data=0x0000003c

========================================
RESULT MATRIX
========================================
         12            8            8           12
         28           24           24           28
         44           40           40           44
         60           56           56           60

EXPECTED:
12   8   8  12
28  24  24  28
44  40  40  44
60  56  56  60

========================================
RESULT CHECK
========================================
C00 PASS
C01 PASS
C02 PASS
C03 PASS
C10 PASS
C11 PASS
C12 PASS
C13 PASS
C20 PASS
C21 PASS
C22 PASS
C23 PASS
C30 PASS
C31 PASS
C32 PASS
C33 PASS

========================================
RISC-V AI ACCELERATOR FULL TEST PASSED
ALL 16 RESULTS CORRECT
========================================
$finish called at time : 3060 ns : File "C:/Users/Unnathi/riscv_ai_accelerator/riscv_ai_accelerator.srcs/sim_1/new/tb_riscv_ai_soc.v" Line 887
